Running one project: deploy
FAIL deploy scripts/deploy/__tests__/migration-utils.test.ts (5.512 s)
  MigrationUtils
    extractDatabaseName
      鈭?搴旇浠庢爣鍑咲ATABASE_URL鎻愬彇鏁版嵁搴撳悕 (2 ms)
      鈭?搴旇浠庡甫绔彛鐨凞ATABASE_URL鎻愬彇鏁版嵁搴撳悕
      鈭?搴旇浠庡甫鏌ヨ鍙傛暟鐨凞ATABASE_URL鎻愬彇鏁版嵁搴撳悕 (1 ms)
      鈭?搴旇澶勭悊甯︽湁杩炴帴姹犲弬鏁扮殑DATABASE_URL
      鈭?搴旇杩斿洖榛樿鍊煎綋DATABASE_URL鏍煎紡涓嶆纭椂 (1 ms)
    generateBackupFilename
      鈭?搴旇鐢熸垚甯︽椂闂存埑鐨勫浠芥枃浠跺悕 (1 ms)
      鈭?搴旇浣跨敤姝ｇ‘鐨勬枃浠舵墿灞曞悕
      脳 搴旇鏇挎崲鏃堕棿鎴充腑鐨勭壒娈婂瓧绗?(1 ms)
      鈭?搴旇鏍规嵁褰撳墠鏁版嵁搴撳悕鐢熸垚鏂囦欢鍚?(1 ms)
    executeWithRetry
      鈭?搴旇鍦ㄧ涓€娆″皾璇曟垚鍔熸椂杩斿洖缁撴灉 (1 ms)
      鈭?搴旇鍦ㄥけ璐ユ椂閲嶈瘯鐩村埌鎴愬姛 (3010 ms)
      鈭?瓒呰繃閲嶈瘯娆℃暟鍚庡簲璇ユ姏鍑洪敊璇?(1010 ms)
      鈭?搴旇浣跨敤鎸囨暟閫€閬跨瓥鐣?(1002 ms)
    ensureDirectory
      脳 搴旇鍒涘缓涓嶅瓨鍦ㄧ殑鐩綍 (1 ms)
      鈭?搴旇璺宠繃宸插瓨鍦ㄧ殑鐩綍 (1 ms)
      鈭?搴旇澶勭悊鐩綍鍒涘缓閿欒 (2 ms)
    getFileSize
      鈭?搴旇杩斿洖鏂囦欢澶у皬锛堝瓧鑺傦級 (4 ms)
      鈭?搴旇澶勭悊鏂囦欢涓嶅瓨鍦ㄩ敊璇?(1 ms)
      鈭?搴旇澶勭悊鏉冮檺閿欒 (1 ms)
    validateBackupFile
      鈭?搴旇楠岃瘉鏈夋晥鐨勫浠芥枃浠?(1 ms)
      鈭?搴旇鎷掔粷绌烘枃浠?      鈭?搴旇鎷掔粷楠岃瘉澶辫触鐨勬枃浠?(1 ms)
      鈭?搴旇澶勭悊鏂囦欢璁块棶閿欒 (1 ms)
    MigrationError
      鈭?搴旇鍒涘缓鑷畾涔夐敊璇疄渚?(1 ms)
      鈭?搴旇浣滀负Error瀹炰緥宸ヤ綔
      鈭?搴旇鏀寔鍙€夌殑details鍙傛暟 (1 ms)

  鈼?MigrationUtils 鈥?generateBackupFilename 鈥?搴旇鏇挎崲鏃堕棿鎴充腑鐨勭壒娈婂瓧绗?
    expect(received).not.toContain(expected) // indexOf

    Expected substring: not "."
    Received string:        "legal_debate_db_backup_2026-01-30T10-30-45-123Z.sql"

      81 |       const filename = generateBackupFilename(timestamp);
      82 |       expect(filename).not.toContain(':');
    > 83 |       expect(filename).not.toContain('.');
         |                            ^
      84 |       expect(filename).toMatch(/^[a-z_0-9-]+\.sql$/);
      85 |     });
      86 |

      at Object.<anonymous> (scripts/deploy/__tests__/migration-utils.test.ts:83:28)

  鈼?MigrationUtils 鈥?ensureDirectory 鈥?搴旇鍒涘缓涓嶅瓨鍦ㄧ殑鐩綍

    MigrationError: Failed to access directory

      133 |       });
      134 |     } else {
    > 135 |       throw new MigrationError(
          |             ^
      136 |         'Failed to access directory',
      137 |         'DIRECTORY_ACCESS_ERROR',
      138 |         {

      at ensureDirectory (scripts/deploy/migration-utils.ts:135:13)
      at Object.<anonymous> (scripts/deploy/__tests__/migration-utils.test.ts:186:7)

  console.log
    [2026-01-30T07:56:03.656Z] [MIGRATION] [INFO] Starting database backup...

      at logMigration (scripts/deploy/migration-utils.ts:229:15)

  console.error
    [2026-01-30T07:56:03.679Z] [MIGRATION] [ERROR] Backup failed: Failed to access directory

    [0m [90m 233 |[39m       [36mbreak[39m[33m;[39m
     [90m 234 |[39m     [36mcase[39m [32m'error'[39m[33m:[39m
    [31m[1m>[22m[39m[90m 235 |[39m       console[33m.[39merror(logMessage)[33m;[39m
     [90m     |[39m               [31m[1m^[22m[39m
     [90m 236 |[39m       [36mbreak[39m[33m;[39m
     [90m 237 |[39m   }
     [90m 238 |[39m }[0m

      at logMigration (scripts/deploy/migration-utils.ts:235:15)
      at createBackup (scripts/deploy/database-migration.ts:143:17)
      at Object.<anonymous> (scripts/deploy/__tests__/database-migration.test.ts:49:22)

  console.log
    [2026-01-30T07:56:03.690Z] [MIGRATION] [INFO] Starting database backup...

      at logMigration (scripts/deploy/migration-utils.ts:229:15)

  console.error
    [2026-01-30T07:56:03.691Z] [MIGRATION] [ERROR] Backup failed: Failed to access directory

    [0m [90m 233 |[39m       [36mbreak[39m[33m;[39m
     [90m 234 |[39m     [36mcase[39m [32m'error'[39m[33m:[39m
    [31m[1m>[22m[39m[90m 235 |[39m       console[33m.[39merror(logMessage)[33m;[39m
     [90m     |[39m               [31m[1m^[22m[39m
     [90m 236 |[39m       [36mbreak[39m[33m;[39m
     [90m 237 |[39m   }
     [90m 238 |[39m }[0m

      at logMigration (scripts/deploy/migration-utils.ts:235:15)
      at createBackup (scripts/deploy/database-migration.ts:143:17)
      at Object.<anonymous> (scripts/deploy/__tests__/database-migration.test.ts:65:22)

  console.log
    [2026-01-30T07:56:03.694Z] [MIGRATION] [INFO] Starting database backup...

      at logMigration (scripts/deploy/migration-utils.ts:229:15)

  console.error
    [2026-01-30T07:56:03.695Z] [MIGRATION] [ERROR] Backup failed: Failed to access directory

    [0m [90m 233 |[39m       [36mbreak[39m[33m;[39m
     [90m 234 |[39m     [36mcase[39m [32m'error'[39m[33m:[39m
    [31m[1m>[22m[39m[90m 235 |[39m       console[33m.[39merror(logMessage)[33m;[39m
     [90m     |[39m               [31m[1m^[22m[39m
     [90m 236 |[39m       [36mbreak[39m[33m;[39m
     [90m 237 |[39m   }
     [90m 238 |[39m }[0m

      at logMigration (scripts/deploy/migration-utils.ts:235:15)
      at createBackup (scripts/deploy/database-migration.ts:143:17)
      at Object.<anonymous> (scripts/deploy/__tests__/database-migration.test.ts:80:22)

  console.log
    [2026-01-30T07:56:03.697Z] [MIGRATION] [INFO] Starting database backup...

      at logMigration (scripts/deploy/migration-utils.ts:229:15)

  console.error
    [2026-01-30T07:56:03.697Z] [MIGRATION] [ERROR] Backup failed: Failed to access directory

    [0m [90m 233 |[39m       [36mbreak[39m[33m;[39m
     [90m 234 |[39m     [36mcase[39m [32m'error'[39m[33m:[39m
    [31m[1m>[22m[39m[90m 235 |[39m       console[33m.[39merror(logMessage)[33m;[39m
     [90m     |[39m               [31m[1m^[22m[39m
     [90m 236 |[39m       [36mbreak[39m[33m;[39m
     [90m 237 |[39m   }
     [90m 238 |[39m }[0m

      at logMigration (scripts/deploy/migration-utils.ts:235:15)
      at createBackup (scripts/deploy/database-migration.ts:143:17)
      at Object.<anonymous> (scripts/deploy/__tests__/database-migration.test.ts:98:22)

  console.log
    [2026-01-30T07:56:03.700Z] [MIGRATION] [INFO] Starting database migration...

      at logMigration (scripts/deploy/migration-utils.ts:229:15)

  console.log
    [2026-01-30T07:56:03.701Z] [MIGRATION] [INFO] Creating pre-migration backup...

      at logMigration (scripts/deploy/migration-utils.ts:229:15)

  console.log
    [2026-01-30T07:56:03.702Z] [MIGRATION] [INFO] Starting database backup...

      at logMigration (scripts/deploy/migration-utils.ts:229:15)

  console.error
    [2026-01-30T07:56:03.702Z] [MIGRATION] [ERROR] Backup failed: Failed to access directory

    [0m [90m 233 |[39m       [36mbreak[39m[33m;[39m
     [90m 234 |[39m     [36mcase[39m [32m'error'[39m[33m:[39m
    [31m[1m>[22m[39m[90m 235 |[39m       console[33m.[39merror(logMessage)[33m;[39m
     [90m     |[39m               [31m[1m^[22m[39m
     [90m 236 |[39m       [36mbreak[39m[33m;[39m
     [90m 237 |[39m   }
     [90m 238 |[39m }[0m

      at logMigration (scripts/deploy/migration-utils.ts:235:15)
      at createBackup (scripts/deploy/database-migration.ts:143:17)
      at runMigration (scripts/deploy/database-migration.ts:169:20)
      at Object.<anonymous> (scripts/deploy/__tests__/database-migration.test.ts:111:22)

  console.log
    [2026-01-30T07:56:03.705Z] [MIGRATION] [INFO] Starting database migration...

      at logMigration (scripts/deploy/migration-utils.ts:229:15)

  console.log
    [2026-01-30T07:56:03.705Z] [MIGRATION] [INFO] Creating pre-migration backup...

      at logMigration (scripts/deploy/migration-utils.ts:229:15)

  console.log
    [2026-01-30T07:56:03.706Z] [MIGRATION] [INFO] Starting database backup...

      at logMigration (scripts/deploy/migration-utils.ts:229:15)

  console.error
    [2026-01-30T07:56:03.706Z] [MIGRATION] [ERROR] Backup failed: Failed to access directory

    [0m [90m 233 |[39m       [36mbreak[39m[33m;[39m
     [90m 234 |[39m     [36mcase[39m [32m'error'[39m[33m:[39m
    [31m[1m>[22m[39m[90m 235 |[39m       console[33m.[39merror(logMessage)[33m;[39m
     [90m     |[39m               [31m[1m^[22m[39m
     [90m 236 |[39m       [36mbreak[39m[33m;[39m
     [90m 237 |[39m   }
     [90m 238 |[39m }[0m

      at logMigration (scripts/deploy/migration-utils.ts:235:15)
      at createBackup (scripts/deploy/database-migration.ts:143:17)
      at runMigration (scripts/deploy/database-migration.ts:169:20)
      at Object.<anonymous> (scripts/deploy/__tests__/database-migration.test.ts:124:22)

  console.log
    [2026-01-30T07:56:03.708Z] [MIGRATION] [INFO] Starting database migration...

      at logMigration (scripts/deploy/migration-utils.ts:229:15)

  console.log
    [2026-01-30T07:56:03.709Z] [MIGRATION] [INFO] Creating pre-migration backup...

      at logMigration (scripts/deploy/migration-utils.ts:229:15)

  console.log
    [2026-01-30T07:56:03.710Z] [MIGRATION] [INFO] Starting database backup...

      at logMigration (scripts/deploy/migration-utils.ts:229:15)

  console.error
    [2026-01-30T07:56:03.710Z] [MIGRATION] [ERROR] Backup failed: Failed to access directory

    [0m [90m 233 |[39m       [36mbreak[39m[33m;[39m
     [90m 234 |[39m     [36mcase[39m [32m'error'[39m[33m:[39m
    [31m[1m>[22m[39m[90m 235 |[39m       console[33m.[39merror(logMessage)[33m;[39m
     [90m     |[39m               [31m[1m^[22m[39m
     [90m 236 |[39m       [36mbreak[39m[33m;[39m
     [90m 237 |[39m   }
     [90m 238 |[39m }[0m

      at logMigration (scripts/deploy/migration-utils.ts:235:15)
      at createBackup (scripts/deploy/database-migration.ts:143:17)
      at runMigration (scripts/deploy/database-migration.ts:169:20)
      at Object.<anonymous> (scripts/deploy/__tests__/database-migration.test.ts:136:22)

  console.log
    [2026-01-30T07:56:03.724Z] [MIGRATION] [INFO] Starting database migration...

      at logMigration (scripts/deploy/migration-utils.ts:229:15)

  console.log
    [2026-01-30T07:56:03.725Z] [MIGRATION] [INFO] Creating pre-migration backup...

      at logMigration (scripts/deploy/migration-utils.ts:229:15)

  console.log
    [2026-01-30T07:56:03.726Z] [MIGRATION] [INFO] Starting database backup...

      at logMigration (scripts/deploy/migration-utils.ts:229:15)

  console.error
    [2026-01-30T07:56:03.726Z] [MIGRATION] [ERROR] Backup failed: Failed to access directory

    [0m [90m 233 |[39m       [36mbreak[39m[33m;[39m
     [90m 234 |[39m     [36mcase[39m [32m'error'[39m[33m:[39m
    [31m[1m>[22m[39m[90m 235 |[39m       console[33m.[39merror(logMessage)[33m;[39m
     [90m     |[39m               [31m[1m^[22m[39m
     [90m 236 |[39m       [36mbreak[39m[33m;[39m
     [90m 237 |[39m   }
     [90m 238 |[39m }[0m

      at logMigration (scripts/deploy/migration-utils.ts:235:15)
      at createBackup (scripts/deploy/database-migration.ts:143:17)
      at runMigration (scripts/deploy/database-migration.ts:169:20)
      at Object.<anonymous> (scripts/deploy/__tests__/database-migration.test.ts:154:22)

  console.log
    [2026-01-30T07:56:03.728Z] [MIGRATION] [INFO] Validating database schema...

      at logMigration (scripts/deploy/migration-utils.ts:229:15)

  console.error
    [2026-01-30T07:56:03.729Z] [MIGRATION] [ERROR] Schema validation failed: Cannot read properties of undefined (reading 'trim')

    [0m [90m 233 |[39m       [36mbreak[39m[33m;[39m
     [90m 234 |[39m     [36mcase[39m [32m'error'[39m[33m:[39m
    [31m[1m>[22m[39m[90m 235 |[39m       console[33m.[39merror(logMessage)[33m;[39m
     [90m     |[39m               [31m[1m^[22m[39m
     [90m 236 |[39m       [36mbreak[39m[33m;[39m
     [90m 237 |[39m   }
     [90m 238 |[39m }[0m

      at logMigration (scripts/deploy/migration-utils.ts:235:15)
      at validateSchema (scripts/deploy/database-migration.ts:280:17)
      at Object.<anonymous> (scripts/deploy/__tests__/database-migration.test.ts:172:22)

  console.log
    [2026-01-30T07:56:03.731Z] [MIGRATION] [INFO] Validating database schema...

      at logMigration (scripts/deploy/migration-utils.ts:229:15)

  console.error
    [2026-01-30T07:56:03.732Z] [MIGRATION] [ERROR] Schema validation failed: Cannot read properties of undefined (reading 'trim')

    [0m [90m 233 |[39m       [36mbreak[39m[33m;[39m
     [90m 234 |[39m     [36mcase[39m [32m'error'[39m[33m:[39m
    [31m[1m>[22m[39m[90m 235 |[39m       console[33m.[39merror(logMessage)[33m;[39m
     [90m     |[39m               [31m[1m^[22m[39m
     [90m 236 |[39m       [36mbreak[39m[33m;[39m
     [90m 237 |[39m   }
     [90m 238 |[39m }[0m

      at logMigration (scripts/deploy/migration-utils.ts:235:15)
      at validateSchema (scripts/deploy/database-migration.ts:280:17)
      at Object.<anonymous> (scripts/deploy/__tests__/database-migration.test.ts:185:22)

  console.log
    [2026-01-30T07:56:03.735Z] [MIGRATION] [INFO] Validating database schema...

      at logMigration (scripts/deploy/migration-utils.ts:229:15)

  console.error
    [2026-01-30T07:56:03.735Z] [MIGRATION] [ERROR] Schema validation failed: Cannot read properties of undefined (reading 'trim')

    [0m [90m 233 |[39m       [36mbreak[39m[33m;[39m
     [90m 234 |[39m     [36mcase[39m [32m'error'[39m[33m:[39m
    [31m[1m>[22m[39m[90m 235 |[39m       console[33m.[39merror(logMessage)[33m;[39m
     [90m     |[39m               [31m[1m^[22m[39m
     [90m 236 |[39m       [36mbreak[39m[33m;[39m
     [90m 237 |[39m   }
     [90m 238 |[39m }[0m

      at logMigration (scripts/deploy/migration-utils.ts:235:15)
      at validateSchema (scripts/deploy/database-migration.ts:280:17)
      at Object.<anonymous> (scripts/deploy/__tests__/database-migration.test.ts:201:22)

  console.log
    [2026-01-30T07:56:03.737Z] [MIGRATION] [INFO] Checking data integrity...

      at logMigration (scripts/deploy/migration-utils.ts:229:15)

  console.error
    [2026-01-30T07:56:03.738Z] [MIGRATION] [ERROR] Data integrity check failed: Cannot read properties of undefined (reading 'trim')

    [0m [90m 233 |[39m       [36mbreak[39m[33m;[39m
     [90m 234 |[39m     [36mcase[39m [32m'error'[39m[33m:[39m
    [31m[1m>[22m[39m[90m 235 |[39m       console[33m.[39merror(logMessage)[33m;[39m
     [90m     |[39m               [31m[1m^[22m[39m
     [90m 236 |[39m       [36mbreak[39m[33m;[39m
     [90m 237 |[39m   }
     [90m 238 |[39m }[0m

      at logMigration (scripts/deploy/migration-utils.ts:235:15)
      at checkDataIntegrity (scripts/deploy/database-migration.ts:349:17)
      at Object.<anonymous> (scripts/deploy/__tests__/database-migration.test.ts:215:22)

  console.log
    [2026-01-30T07:56:03.740Z] [MIGRATION] [INFO] Checking data integrity...

      at logMigration (scripts/deploy/migration-utils.ts:229:15)

  console.error
    [2026-01-30T07:56:03.740Z] [MIGRATION] [ERROR] Data integrity check failed: Cannot read properties of undefined (reading 'trim')

    [0m [90m 233 |[39m       [36mbreak[39m[33m;[39m
     [90m 234 |[39m     [36mcase[39m [32m'error'[39m[33m:[39m
    [31m[1m>[22m[39m[90m 235 |[39m       console[33m.[39merror(logMessage)[33m;[39m
     [90m     |[39m               [31m[1m^[22m[39m
     [90m 236 |[39m       [36mbreak[39m[33m;[39m
     [90m 237 |[39m   }
     [90m 238 |[39m }[0m

      at logMigration (scripts/deploy/migration-utils.ts:235:15)
      at checkDataIntegrity (scripts/deploy/database-migration.ts:349:17)
      at Object.<anonymous> (scripts/deploy/__tests__/database-migration.test.ts:231:22)

  console.log
    [2026-01-30T07:56:03.742Z] [MIGRATION] [INFO] Checking data integrity...

      at logMigration (scripts/deploy/migration-utils.ts:229:15)

  console.error
    [2026-01-30T07:56:03.743Z] [MIGRATION] [ERROR] Data integrity check failed: Connection failed

    [0m [90m 233 |[39m       [36mbreak[39m[33m;[39m
     [90m 234 |[39m     [36mcase[39m [32m'error'[39m[33m:[39m
    [31m[1m>[22m[39m[90m 235 |[39m       console[33m.[39merror(logMessage)[33m;[39m
     [90m     |[39m               [31m[1m^[22m[39m
     [90m 236 |[39m       [36mbreak[39m[33m;[39m
     [90m 237 |[39m   }
     [90m 238 |[39m }[0m

      at logMigration (scripts/deploy/migration-utils.ts:235:15)
      at checkDataIntegrity (scripts/deploy/database-migration.ts:349:17)
      at Object.<anonymous> (scripts/deploy/__tests__/database-migration.test.ts:244:22)

  console.log
    [2026-01-30T07:56:03.745Z] [MIGRATION] [INFO] Rollback request: 20260130_100000_backup.sql

      at logMigration (scripts/deploy/migration-utils.ts:229:15)

  console.warn
    [2026-01-30T07:56:03.746Z] [MIGRATION] [WARN] Rollback request logged: 20260130_100000_backup.sql (size: 1024 bytes)

    [0m [90m 230 |[39m       [36mbreak[39m[33m;[39m
     [90m 231 |[39m     [36mcase[39m [32m'warn'[39m[33m:[39m
    [31m[1m>[22m[39m[90m 232 |[39m       console[33m.[39mwarn(logMessage)[33m;[39m
     [90m     |[39m               [31m[1m^[22m[39m
     [90m 233 |[39m       [36mbreak[39m[33m;[39m
     [90m 234 |[39m     [36mcase[39m [32m'error'[39m[33m:[39m
     [90m 235 |[39m       console[33m.[39merror(logMessage)[33m;[39m[0m

      at logMigration (scripts/deploy/migration-utils.ts:232:15)
      at rollbackMigration (scripts/deploy/database-migration.ts:385:17)
      at Object.<anonymous> (scripts/deploy/__tests__/database-migration.test.ts:258:22)

  console.log
    [2026-01-30T07:56:03.749Z] [MIGRATION] [INFO] Rollback request: nonexistent.sql

      at logMigration (scripts/deploy/migration-utils.ts:229:15)

  console.error
    [2026-01-30T07:56:03.749Z] [MIGRATION] [ERROR] Backup file not found: nonexistent.sql

    [0m [90m 233 |[39m       [36mbreak[39m[33m;[39m
     [90m 234 |[39m     [36mcase[39m [32m'error'[39m[33m:[39m
    [31m[1m>[22m[39m[90m 235 |[39m       console[33m.[39merror(logMessage)[33m;[39m
     [90m     |[39m               [31m[1m^[22m[39m
     [90m 236 |[39m       [36mbreak[39m[33m;[39m
     [90m 237 |[39m   }
     [90m 238 |[39m }[0m

      at logMigration (scripts/deploy/migration-utils.ts:235:15)
      at rollbackMigration (scripts/deploy/database-migration.ts:397:19)
      at Object.<anonymous> (scripts/deploy/__tests__/database-migration.test.ts:268:22)

  console.log
    [2026-01-30T07:56:03.752Z] [MIGRATION] [INFO] Rollback request: backup.sql

      at logMigration (scripts/deploy/migration-utils.ts:229:15)

  console.warn
    [2026-01-30T07:56:03.752Z] [MIGRATION] [WARN] Rollback request logged: backup.sql (size: 1024 bytes)

    [0m [90m 230 |[39m       [36mbreak[39m[33m;[39m
     [90m 231 |[39m     [36mcase[39m [32m'warn'[39m[33m:[39m
    [31m[1m>[22m[39m[90m 232 |[39m       console[33m.[39mwarn(logMessage)[33m;[39m
     [90m     |[39m               [31m[1m^[22m[39m
     [90m 233 |[39m       [36mbreak[39m[33m;[39m
     [90m 234 |[39m     [36mcase[39m [32m'error'[39m[33m:[39m
     [90m 235 |[39m       console[33m.[39merror(logMessage)[33m;[39m[0m

      at logMigration (scripts/deploy/migration-utils.ts:232:15)
      at rollbackMigration (scripts/deploy/database-migration.ts:385:17)
      at Object.<anonymous> (scripts/deploy/__tests__/database-migration.test.ts:286:22)

FAIL deploy scripts/deploy/__tests__/database-migration.test.ts
  DatabaseMigration
    createBackup
      脳 搴旇鎴愬姛鍒涘缓鏁版嵁搴撳浠?(29 ms)
      脳 搴旇鍦ㄥ浠藉け璐ユ椂杩斿洖閿欒 (3 ms)
      脳 搴旇鍦ㄥ浠界洰褰曚笉瀛樺湪鏃跺垱寤虹洰褰?(2 ms)
      脳 搴旇楠岃瘉澶囦唤鏂囦欢 (2 ms)
    runMigration
      脳 搴旇鎴愬姛鎵цPrisma杩佺Щ (4 ms)
      脳 搴旇鍦ㄨ縼绉诲け璐ユ椂杩斿洖閿欒 (4 ms)
      脳 搴旇璺宠繃宸插簲鐢ㄧ殑杩佺Щ (16 ms)
      脳 搴旇鍦ㄨ縼绉诲墠鑷姩鍒涘缓澶囦唤 (4 ms)
    validateSchema
      脳 搴旇楠岃瘉鍏抽敭琛ㄥ瓨鍦?(3 ms)
      脳 搴旇妫€娴嬬己澶辩殑琛?(3 ms)
      脳 搴旇妫€鏌ヨ〃璁板綍鏁?(2 ms)
    checkDataIntegrity
      脳 搴旇妫€鏌ュ閿害鏉?(2 ms)
      脳 搴旇妫€娴嬪绔嬭褰?(3 ms)
      鈭?搴旇澶勭悊鏁版嵁搴撹繛鎺ラ敊璇?(3 ms)
    rollbackMigration
      脳 搴旇璁板綍鍥炴粴璇锋眰 (3 ms)
      鈭?搴旇鎷掔粷鍥炴粴褰撳浠芥枃浠朵笉瀛樺湪鏃?(3 ms)
      鈭?搴旇楠岃瘉澶囦唤鏂囦欢瀹屾暣鎬?(2 ms)
    MigrationResult
      鈭?搴旇鍒濆鍖栭粯璁ゅ€?(1 ms)
      鈭?搴旇鏀寔鎴愬姛缁撴灉

  鈼?DatabaseMigration 鈥?createBackup 鈥?搴旇鎴愬姛鍒涘缓鏁版嵁搴撳浠?
    expect(received).toBe(expected) // Object.is equality

    Expected: true
    Received: false

      48 |
      49 |       const result = await createBackup();
    > 50 |       expect(result.success).toBe(true);
         |                              ^
      51 |       expect(result.backupFile).toBeDefined();
      52 |       expect(result.size).toBeGreaterThan(0);
      53 |       expect(result.error).toBeUndefined();

      at Object.<anonymous> (scripts/deploy/__tests__/database-migration.test.ts:50:30)

  鈼?DatabaseMigration 鈥?createBackup 鈥?搴旇鍦ㄥ浠藉け璐ユ椂杩斿洖閿欒

    expect(received).toContain(expected) // indexOf

    Expected substring: "Backup failed"
    Received string:    "Failed to access directory"

      65 |       const result = await createBackup();
      66 |       expect(result.success).toBe(false);
    > 67 |       expect(result.error).toContain('Backup failed');
         |                            ^
      68 |     });
      69 |
      70 |     it('搴旇鍦ㄥ浠界洰褰曚笉瀛樺湪鏃跺垱寤虹洰褰?, async () => {

      at Object.<anonymous> (scripts/deploy/__tests__/database-migration.test.ts:67:28)

  鈼?DatabaseMigration 鈥?createBackup 鈥?搴旇鍦ㄥ浠界洰褰曚笉瀛樺湪鏃跺垱寤虹洰褰?
    expect(received).toBe(expected) // Object.is equality

    Expected: true
    Received: false

      79 |
      80 |       const result = await createBackup();
    > 81 |       expect(result.success).toBe(true);
         |                              ^
      82 |       expect(fs.mkdir).toHaveBeenCalled();
      83 |     });
      84 |

      at Object.<anonymous> (scripts/deploy/__tests__/database-migration.test.ts:81:30)

  鈼?DatabaseMigration 鈥?createBackup 鈥?搴旇楠岃瘉澶囦唤鏂囦欢

    expect(received).toBe(expected) // Object.is equality

    Expected: true
    Received: false

       97 |
       98 |       const result = await createBackup();
    >  99 |       expect(result.success).toBe(true);
          |                              ^
      100 |     });
      101 |   });
      102 |

      at Object.<anonymous> (scripts/deploy/__tests__/database-migration.test.ts:99:30)

  鈼?DatabaseMigration 鈥?runMigration 鈥?搴旇鎴愬姛鎵цPrisma杩佺Щ

    expect(received).toBe(expected) // Object.is equality

    Expected: true
    Received: false

      110 |
      111 |       const result = await runMigration();
    > 112 |       expect(result.success).toBe(true);
          |                              ^
      113 |       expect(result.appliedMigrations).toBeGreaterThan(0);
      114 |     });
      115 |

      at Object.<anonymous> (scripts/deploy/__tests__/database-migration.test.ts:112:30)

  鈼?DatabaseMigration 鈥?runMigration 鈥?搴旇鍦ㄨ縼绉诲け璐ユ椂杩斿洖閿欒

    expect(received).toContain(expected) // indexOf

    Expected substring: "Migration failed"
    Received string:    "Pre-migration backup failed"

      124 |       const result = await runMigration();
      125 |       expect(result.success).toBe(false);
    > 126 |       expect(result.error).toContain('Migration failed');
          |                            ^
      127 |     });
      128 |
      129 |     it('搴旇璺宠繃宸插簲鐢ㄧ殑杩佺Щ', async () => {

      at Object.<anonymous> (scripts/deploy/__tests__/database-migration.test.ts:126:28)

  鈼?DatabaseMigration 鈥?runMigration 鈥?搴旇璺宠繃宸插簲鐢ㄧ殑杩佺Щ

    expect(received).toBe(expected) // Object.is equality

    Expected: true
    Received: false

      135 |
      136 |       const result = await runMigration();
    > 137 |       expect(result.success).toBe(true);
          |                              ^
      138 |       expect(result.appliedMigrations).toBe(0);
      139 |     });
      140 |

      at Object.<anonymous> (scripts/deploy/__tests__/database-migration.test.ts:137:30)

  鈼?DatabaseMigration 鈥?runMigration 鈥?搴旇鍦ㄨ縼绉诲墠鑷姩鍒涘缓澶囦唤

    expect(received).toBe(expected) // Object.is equality

    Expected: true
    Received: false

      153 |
      154 |       const result = await runMigration({ createBackupBefore: true });
    > 155 |       expect(result.success).toBe(true);
          |                              ^
      156 |       expect(exec).toHaveBeenCalledWith(
      157 |         expect.stringContaining('pg_dump'),
      158 |         expect.any(Function)

      at Object.<anonymous> (scripts/deploy/__tests__/database-migration.test.ts:155:30)

  鈼?DatabaseMigration 鈥?validateSchema 鈥?搴旇楠岃瘉鍏抽敭琛ㄥ瓨鍦?
    expect(received).toBe(expected) // Object.is equality

    Expected: true
    Received: false

      171 |
      172 |       const result = await validateSchema();
    > 173 |       expect(result.valid).toBe(true);
          |                            ^
      174 |       expect(result.missingTables).toHaveLength(0);
      175 |     });
      176 |

      at Object.<anonymous> (scripts/deploy/__tests__/database-migration.test.ts:173:28)

  鈼?DatabaseMigration 鈥?validateSchema 鈥?搴旇妫€娴嬬己澶辩殑琛?
    expect(received).toContain(expected) // indexOf

    Expected value: "Evidence"
    Received array: []

      185 |       const result = await validateSchema(['Evidence']);
      186 |       expect(result.valid).toBe(false);
    > 187 |       expect(result.missingTables).toContain('Evidence');
          |                                    ^
      188 |     });
      189 |
      190 |     it('搴旇妫€鏌ヨ〃璁板綍鏁?, async () => {

      at Object.<anonymous> (scripts/deploy/__tests__/database-migration.test.ts:187:36)

  鈼?DatabaseMigration 鈥?validateSchema 鈥?搴旇妫€鏌ヨ〃璁板綍鏁?
    expect(received).toBe(expected) // Object.is equality

    Expected: true
    Received: false

      200 |
      201 |       const result = await validateSchema(['User']);
    > 202 |       expect(result.valid).toBe(true);
          |                            ^
      203 |       expect(result.tableValidation).toHaveLength(2);
      204 |     });
      205 |   });

      at Object.<anonymous> (scripts/deploy/__tests__/database-migration.test.ts:202:28)

  鈼?DatabaseMigration 鈥?checkDataIntegrity 鈥?搴旇妫€鏌ュ閿害鏉?
    expect(received).toBe(expected) // Object.is equality

    Expected: true
    Received: false

      214 |
      215 |       const result = await checkDataIntegrity();
    > 216 |       expect(result.valid).toBe(true);
          |                            ^
      217 |       expect(result.orphanRecords).toHaveLength(0);
      218 |     });
      219 |

      at Object.<anonymous> (scripts/deploy/__tests__/database-migration.test.ts:216:28)

  鈼?DatabaseMigration 鈥?checkDataIntegrity 鈥?搴旇妫€娴嬪绔嬭褰?
    expect(received).toBeGreaterThan(expected)

    Expected: > 0
    Received:   0

      231 |       const result = await checkDataIntegrity();
      232 |       expect(result.valid).toBe(false);
    > 233 |       expect(result.orphanRecords.length).toBeGreaterThan(0);
          |                                           ^
      234 |     });
      235 |
      236 |     it('搴旇澶勭悊鏁版嵁搴撹繛鎺ラ敊璇?, async () => {

      at Object.<anonymous> (scripts/deploy/__tests__/database-migration.test.ts:233:43)

  鈼?DatabaseMigration 鈥?rollbackMigration 鈥?搴旇璁板綍鍥炴粴璇锋眰

    expect(received).toContain(expected) // indexOf

    Expected substring: "rollback request logged"
    Received string:    "Rollback request logged for 20260130_100000_backup.sql. Manual intervention required."

      258 |       const result = await rollbackMigration('20260130_100000_backup.sql');
      259 |       expect(result.success).toBe(true);
    > 260 |       expect(result.message).toContain('rollback request logged');
          |                              ^
      261 |     });
      262 |
      263 |     it('搴旇鎷掔粷鍥炴粴褰撳浠芥枃浠朵笉瀛樺湪鏃?, async () => {

      at Object.<anonymous> (scripts/deploy/__tests__/database-migration.test.ts:260:30)

Test Suites: 2 failed, 2 total
Tests:       16 failed, 29 passed, 45 total
Snapshots:   0 total
Time:        5.977 s, estimated 6 s
Ran all test suites.
